Just a friendly reminder! You have these tasks to finish today.

These tasks need to be finished in the next three days!
- Call mom by 29/08/23

You have the following meetings today!

You have the following meetings scheduled over the next week!
- Doctor's appointment on 29/08/23 at 16:00

What would you like to do?
1. Complete tasks
2. Add a new meeting.
3. Share a task.
4. Share a meeting.
5. Change Jafr's master directory.
6. Exit

Which task(s) would you like to mark as completed?
1. Buy groceries by 27/08/23
2. Call mom by 29/08/23

Invalid input. Please enter numbers separated by spaces.

Invalid task num. Please enter a valid option.

Marked as complete.
What would you like to do?
1. Complete tasks
2. Add a new meeting.
3. Share a task.
4. Share a meeting.
5. Change Jafr's master directory.
6. Exit

No tasks to complete!
What would you like to do?
1. Complete tasks
2. Add a new meeting.
3. Share a task.
4. Share a meeting.
5. Change Jafr's master directory.
6. Exit


