Just a friendly reminder! You have these tasks to finish today.
- Buy groceries

These tasks need to be finished in the next three days!
- Call mom by 29/08/23

You have the following meetings today!

You have the following meetings scheduled over the next week!
- Team meeting on 30/08/23 at 10:00
- Doctor's appointment on 29/08/23 at 16:00

What would you like to do?
1. Complete tasks
2. Add a new meeting.
3. Share a task.
4. Share a meeting.
5. Change Jafr's master directory.
6. Exit

Invalid choice. Please choose a number from 1 to 6.

